user: 12 spellbooks successfully added.

user: Successfully added: Advanced Charms (Filius Flitwick).

user: Filius Flitwick
Godric Gryffindor
Helga Hufflepuff
Libatius Borage
Minerva McGonagall
Newt Scamander
Salazar Slytherin

user: Ending Archive process.
