user: 12 spellbooks successfully added.

user: Success.

user: Success.

user: 1001: Levitation Charms (Helga Hufflepuff, Charm)
Rented by: 100000.

1002: Dark Arts Basics (Salazar Slytherin, Curse)
Currently available.

1003: Patronus Guide (Godric Gryffindor, Defense)
Currently available.

1004: Transfiguration I (Minerva McGonagall, Transfiguration)
Currently available.

1005: Advanced Charms (Filius Flitwick, Charm)
Currently available.

1006: Herbology Field Notes (Newt Scamander, Herbology)
Currently available.

1007: Polyjuice Manual (Libatius Borage, Potion)
Currently available.

1008: Transfiguration i (Minerva McGonagall, TRANSFIGURATION)
Currently available.

1009: patronus guide (Godric Gryffindor, defense)
Currently available.

1010: Dark Arts Basics (Salazar Slytherin, Curse)
Currently available.

1011: Levitation Charms (Helga Hufflepuff, CHARM)
Currently available.

1012: Advanced Charms (Filius Flitwick, Charm)
Currently available.

user: Ending Archive process.
