user: 12 spellbooks successfully added.

user: No spellbooks by Nicolas Flamel.

user: Ending Archive process.
