user: 12 spellbooks successfully added.

user: Transfiguration I (Minerva McGonagall)
Transfiguration i (Minerva McGonagall)

user: Ending Archive process.
