user: 12 spellbooks successfully added.

user: Advanced Charms (Filius Flitwick)
Advanced Charms (Filius Flitwick)
Levitation Charms (Helga Hufflepuff)
Levitation Charms (Helga Hufflepuff)

user: Ending Archive process.
