user: 12 spellbooks successfully added.

user: No spellbooks with type Potions.

user: Ending Archive process.
