user: No such collection.

user: Success.

user: No such student in system.

user: Ending Archive process.
