user: 12 spellbooks successfully added.

user: Success.

user: Success.

user: Success.

user: Spellbook is currently unavailable.

user: Ending Archive process.
