user: 12 spellbooks successfully added.

user: Success.

user: Success.

user: Success.

user: Levitation Charms (Helga Hufflepuff)
Dark Arts Basics (Salazar Slytherin)

user: Ending Archive process.
