user: 12 spellbooks successfully added.

user: Success.

user: Success.

user: Success.

user: Success.

user: Student not currently renting.

user: Ending Archive process.
