user: No such collection.

user: Success.

user: No spellbooks in system.

user: No spellbooks in system.

user: No spellbooks in system.

user: No spellbooks in system.

user: No spellbooks in system.

user: Ending Archive process.
