user: 12 spellbooks successfully added.

user: Charm
Curse
Defense
Herbology
Potion
Transfiguration

user: Ending Archive process.
