user: 12 spellbooks successfully added.

user: Successfully added: Advanced Charms (Filius Flitwick).

user: Charm
Curse
Defense
Herbology
Potion
Transfiguration

user: Ending Archive process.
