user: 12 spellbooks successfully added.

user: Success.

user: Unable to return spellbook.

user: Ending Archive process.
