user: 12 spellbooks successfully added.

user: Success.

user: Success.

user: Success.

user: Ending Archive process.
