user: 12 spellbooks successfully added.

user: No such spellbook in file.

user: Ending Archive process.
