user: 12 spellbooks successfully added.

user: Successfully added: Beasts & Care (Newt Scamander).

user: Levitation Charms (Helga Hufflepuff)
Dark Arts Basics (Salazar Slytherin)
Patronus Guide (Godric Gryffindor)
Transfiguration I (Minerva McGonagall)
Advanced Charms (Filius Flitwick)
Herbology Field Notes (Newt Scamander)
Polyjuice Manual (Libatius Borage)
Transfiguration i (Minerva McGonagall)
patronus guide (Godric Gryffindor)
Dark Arts Basics (Salazar Slytherin)
Levitation Charms (Helga Hufflepuff)
Advanced Charms (Filius Flitwick)
Beasts & Care (Newt Scamander)

user: Ending Archive process.
