user: No such collection.

user: Success.

user: Duplicate students provided.

user: Ending Archive process.
