user: 12 spellbooks successfully added.

user: Success.

user: Success.

user: Success.

user: Spellbook is currently unavailable.

user: Success.

user: Unable to return spellbook.

user: No common spellbooks.

user: Ending Archive process.
