user: 12 spellbooks successfully added.

user: Success.

user: Duplicate students provided.

user: No such student in system.

user: Ending Archive process.
