user: Success.

user: Success.

user: 100000: Harry Potter

user: 100001: Harry Potter

user: Ending Archive process.
