user: Success.

user: Success.

user: Success.

user: Ending Archive process.
