user: 12 spellbooks successfully added.

user: No such spellbook in system.

user: Ending Archive process.
