user: 12 spellbooks successfully added.

user: Success.

user: Success.

user: 1003: Patronus Guide (Godric Gryffindor, Defense)
Rented by: 100000.

user: Ending Archive process.
