user: 12 spellbooks successfully added.

user: Levitation Charms (Helga Hufflepuff)

user: Ending Archive process.
