user: 12 spellbooks successfully added.

user: 1002: Dark Arts Basics (Salazar Slytherin, Curse)
Currently available.

user: Ending Archive process.
