user: 12 spellbooks successfully added.

user: 5 spellbooks successfully added.

user: Advanced Charms (Filius Flitwick): 3
Dark Arts Basics (Salazar Slytherin): 3
Herbology Advanced (Newt Scamander): 1
Herbology Field Notes (Newt Scamander): 1
Levitation Charms (Helga Hufflepuff): 2
Patronus Guide (Godric Gryffindor): 2
Polyjuice Advanced (Libatius Borage): 1
Polyjuice Manual (Libatius Borage): 1
Transfiguration I (Minerva McGonagall): 2
Transfiguration II (Minerva McGonagall): 1

user: Ending Archive process.
