user: 12 spellbooks successfully added.

user: No rental history.

user: Ending Archive process.
