user: 12 spellbooks successfully added.

user: Success.

user: Success.

user: Success.

user: 100000

user: Ending Archive process.
