user: Success.

user: No such student in system.

user: Ending Archive process.
