user: Success.

user: 100000: Hermione Granger

user: Ending Archive process.
